// Jest Snapshot v1, https://goo.gl/fbAQLP

exports[`Popup render 1`] = `
<div
  style={
    {
      "display": "flex",
      "flexFlow": "column",
      "justifyContent": "center",
      "minWidth": "300px",
    }
  }
>
  <header
    className="MuiPaper-root MuiAppBar-root MuiAppBar-positionStatic MuiAppBar-colorPrimary MuiPaper-elevation4"
  >
    <div
      className="MuiToolbar-root MuiToolbar-dense MuiToolbar-gutters"
      style={
        {
          "display": "flex",
          "justifyContent": "center",
        }
      }
    >
      <h5
        className="MuiTypography-root MuiTypography-h5 MuiTypography-colorInherit"
        style={
          {
            "flex": "0 1 auto",
          }
        }
      >
        Options - 設定
      </h5>
    </div>
  </header>
  <ul
    className="MuiList-root MuiList-padding MuiList-subheader"
  >
    <div
      className="MuiListSubheader-root MuiListSubheader-sticky MuiListSubheader-gutters"
    >
      TwitterWeb公式
    </div>
    <div
      aria-disabled={false}
      className="MuiButtonBase-root MuiListItem-root checkboxListItem SHOW_ON_TIMELINE MuiListItem-dense MuiListItem-gutters MuiListItem-button"
      onBlur={[Function]}
      onClick={[Function]}
      onDragLeave={[Function]}
      onFocus={[Function]}
      onKeyDown={[Function]}
      onKeyUp={[Function]}
      onMouseDown={[Function]}
      onMouseLeave={[Function]}
      onMouseUp={[Function]}
      onTouchEnd={[Function]}
      onTouchMove={[Function]}
      onTouchStart={[Function]}
      role="button"
      tabIndex={0}
    >
      <span
        aria-disabled={false}
        className="MuiButtonBase-root MuiIconButton-root PrivateSwitchBase-root-1 MuiCheckbox-root MuiCheckbox-colorSecondary PrivateSwitchBase-checked-2 Mui-checked MuiIconButton-colorSecondary"
        onBlur={[Function]}
        onDragLeave={[Function]}
        onFocus={[Function]}
        onKeyDown={[Function]}
        onKeyUp={[Function]}
        onMouseDown={[Function]}
        onMouseLeave={[Function]}
        onMouseUp={[Function]}
        onTouchEnd={[Function]}
        onTouchMove={[Function]}
        onTouchStart={[Function]}
        style={
          {
            "padding": "4px 12px",
          }
        }
        tabIndex={null}
      >
        <span
          className="MuiIconButton-label"
        >
          <input
            checked={true}
            className="PrivateSwitchBase-input-4"
            data-indeterminate={false}
            onChange={[Function]}
            tabIndex={-1}
            type="checkbox"
          />
          <svg
            aria-hidden={true}
            className="MuiSvgIcon-root"
            focusable="false"
            viewBox="0 0 24 24"
          >
            <path
              d="M19 3H5c-1.11 0-2 .9-2 2v14c0 1.1.89 2 2 2h14c1.11 0 2-.9 2-2V5c0-1.1-.89-2-2-2zm-9 14l-5-5 1.41-1.41L10 14.17l7.59-7.59L19 8l-9 9z"
            />
          </svg>
        </span>
      </span>
      <div
        className="MuiListItemText-root MuiListItemText-dense"
      >
        <span
          className="MuiTypography-root MuiListItemText-primary MuiTypography-body2 MuiTypography-displayBlock"
        >
          タイムラインにボタンを表示
        </span>
      </div>
    </div>
    <div
      aria-disabled={false}
      className="MuiButtonBase-root MuiListItem-root checkboxListItem SHOW_ON_TWEET_DETAIL MuiListItem-dense MuiListItem-gutters MuiListItem-button"
      onBlur={[Function]}
      onClick={[Function]}
      onDragLeave={[Function]}
      onFocus={[Function]}
      onKeyDown={[Function]}
      onKeyUp={[Function]}
      onMouseDown={[Function]}
      onMouseLeave={[Function]}
      onMouseUp={[Function]}
      onTouchEnd={[Function]}
      onTouchMove={[Function]}
      onTouchStart={[Function]}
      role="button"
      tabIndex={0}
    >
      <span
        aria-disabled={false}
        className="MuiButtonBase-root MuiIconButton-root PrivateSwitchBase-root-1 MuiCheckbox-root MuiCheckbox-colorSecondary PrivateSwitchBase-checked-2 Mui-checked MuiIconButton-colorSecondary"
        onBlur={[Function]}
        onDragLeave={[Function]}
        onFocus={[Function]}
        onKeyDown={[Function]}
        onKeyUp={[Function]}
        onMouseDown={[Function]}
        onMouseLeave={[Function]}
        onMouseUp={[Function]}
        onTouchEnd={[Function]}
        onTouchMove={[Function]}
        onTouchStart={[Function]}
        style={
          {
            "padding": "4px 12px",
          }
        }
        tabIndex={null}
      >
        <span
          className="MuiIconButton-label"
        >
          <input
            checked={true}
            className="PrivateSwitchBase-input-4"
            data-indeterminate={false}
            onChange={[Function]}
            tabIndex={-1}
            type="checkbox"
          />
          <svg
            aria-hidden={true}
            className="MuiSvgIcon-root"
            focusable="false"
            viewBox="0 0 24 24"
          >
            <path
              d="M19 3H5c-1.11 0-2 .9-2 2v14c0 1.1.89 2 2 2h14c1.11 0 2-.9 2-2V5c0-1.1-.89-2-2-2zm-9 14l-5-5 1.41-1.41L10 14.17l7.59-7.59L19 8l-9 9z"
            />
          </svg>
        </span>
      </span>
      <div
        className="MuiListItemText-root MuiListItemText-dense"
      >
        <span
          className="MuiTypography-root MuiListItemText-primary MuiTypography-body2 MuiTypography-displayBlock"
        >
          ツイート詳細にボタンを表示
        </span>
      </div>
    </div>
  </ul>
  <ul
    className="MuiList-root MuiList-padding MuiList-subheader"
  >
    <div
      className="MuiListSubheader-root MuiListSubheader-sticky MuiListSubheader-gutters"
    >
      TweetDeck
    </div>
    <div
      aria-disabled={false}
      className="MuiButtonBase-root MuiListItem-root checkboxListItem SHOW_ON_TWEETDECK_TIMELINE MuiListItem-dense MuiListItem-gutters MuiListItem-button"
      onBlur={[Function]}
      onClick={[Function]}
      onDragLeave={[Function]}
      onFocus={[Function]}
      onKeyDown={[Function]}
      onKeyUp={[Function]}
      onMouseDown={[Function]}
      onMouseLeave={[Function]}
      onMouseUp={[Function]}
      onTouchEnd={[Function]}
      onTouchMove={[Function]}
      onTouchStart={[Function]}
      role="button"
      tabIndex={0}
    >
      <span
        aria-disabled={false}
        className="MuiButtonBase-root MuiIconButton-root PrivateSwitchBase-root-1 MuiCheckbox-root MuiCheckbox-colorSecondary PrivateSwitchBase-checked-2 Mui-checked MuiIconButton-colorSecondary"
        onBlur={[Function]}
        onDragLeave={[Function]}
        onFocus={[Function]}
        onKeyDown={[Function]}
        onKeyUp={[Function]}
        onMouseDown={[Function]}
        onMouseLeave={[Function]}
        onMouseUp={[Function]}
        onTouchEnd={[Function]}
        onTouchMove={[Function]}
        onTouchStart={[Function]}
        style={
          {
            "padding": "4px 12px",
          }
        }
        tabIndex={null}
      >
        <span
          className="MuiIconButton-label"
        >
          <input
            checked={true}
            className="PrivateSwitchBase-input-4"
            data-indeterminate={false}
            onChange={[Function]}
            tabIndex={-1}
            type="checkbox"
          />
          <svg
            aria-hidden={true}
            className="MuiSvgIcon-root"
            focusable="false"
            viewBox="0 0 24 24"
          >
            <path
              d="M19 3H5c-1.11 0-2 .9-2 2v14c0 1.1.89 2 2 2h14c1.11 0 2-.9 2-2V5c0-1.1-.89-2-2-2zm-9 14l-5-5 1.41-1.41L10 14.17l7.59-7.59L19 8l-9 9z"
            />
          </svg>
        </span>
      </span>
      <div
        className="MuiListItemText-root MuiListItemText-dense"
      >
        <span
          className="MuiTypography-root MuiListItemText-primary MuiTypography-body2 MuiTypography-displayBlock"
        >
          タイムラインにボタンを表示
        </span>
      </div>
    </div>
    <div
      aria-disabled={false}
      className="MuiButtonBase-root MuiListItem-root checkboxListItem SHOW_ON_TWEETDECK_TWEET_DETAIL MuiListItem-dense MuiListItem-gutters MuiListItem-button"
      onBlur={[Function]}
      onClick={[Function]}
      onDragLeave={[Function]}
      onFocus={[Function]}
      onKeyDown={[Function]}
      onKeyUp={[Function]}
      onMouseDown={[Function]}
      onMouseLeave={[Function]}
      onMouseUp={[Function]}
      onTouchEnd={[Function]}
      onTouchMove={[Function]}
      onTouchStart={[Function]}
      role="button"
      tabIndex={0}
    >
      <span
        aria-disabled={false}
        className="MuiButtonBase-root MuiIconButton-root PrivateSwitchBase-root-1 MuiCheckbox-root MuiCheckbox-colorSecondary PrivateSwitchBase-checked-2 Mui-checked MuiIconButton-colorSecondary"
        onBlur={[Function]}
        onDragLeave={[Function]}
        onFocus={[Function]}
        onKeyDown={[Function]}
        onKeyUp={[Function]}
        onMouseDown={[Function]}
        onMouseLeave={[Function]}
        onMouseUp={[Function]}
        onTouchEnd={[Function]}
        onTouchMove={[Function]}
        onTouchStart={[Function]}
        style={
          {
            "padding": "4px 12px",
          }
        }
        tabIndex={null}
      >
        <span
          className="MuiIconButton-label"
        >
          <input
            checked={true}
            className="PrivateSwitchBase-input-4"
            data-indeterminate={false}
            onChange={[Function]}
            tabIndex={-1}
            type="checkbox"
          />
          <svg
            aria-hidden={true}
            className="MuiSvgIcon-root"
            focusable="false"
            viewBox="0 0 24 24"
          >
            <path
              d="M19 3H5c-1.11 0-2 .9-2 2v14c0 1.1.89 2 2 2h14c1.11 0 2-.9 2-2V5c0-1.1-.89-2-2-2zm-9 14l-5-5 1.41-1.41L10 14.17l7.59-7.59L19 8l-9 9z"
            />
          </svg>
        </span>
      </span>
      <div
        className="MuiListItemText-root MuiListItemText-dense"
      >
        <span
          className="MuiTypography-root MuiListItemText-primary MuiTypography-body2 MuiTypography-displayBlock"
        >
          ツイート詳細にボタンを表示
        </span>
      </div>
    </div>
  </ul>
  <button
    className="MuiButtonBase-root MuiButton-root MuiButton-contained saveSettingButton MuiButton-containedPrimary"
    disabled={false}
    onBlur={[Function]}
    onClick={[Function]}
    onDragLeave={[Function]}
    onFocus={[Function]}
    onKeyDown={[Function]}
    onKeyUp={[Function]}
    onMouseDown={[Function]}
    onMouseLeave={[Function]}
    onMouseUp={[Function]}
    onTouchEnd={[Function]}
    onTouchMove={[Function]}
    onTouchStart={[Function]}
    style={
      {
        "flex": "0 1 auto",
      }
    }
    tabIndex={0}
    type="button"
  >
    <span
      className="MuiButton-label"
    >
      設定を保存
    </span>
  </button>
  <footer
    style={
      {
        "marginTop": "3px",
        "textAlign": "center",
      }
    }
  >
    twitter画像原寸ボタン - hogashi
  </footer>
</div>
`;
