// Jest Snapshot v1, https://goo.gl/fbAQLP

exports[`ButtonSetters setButton ボタン設置される 1`] = `"<div class=\\"ProfileTweet-action hogeclass\\"><input class=\\"tooi-button\\" style=\\"width: 70px; font-size: 13px; color: #697b8c\\" type=\\"button\\" value=\\"Original\\"></div>"`;
